<html>
<body>
<pre>
<h1>µVision Build Log</h1>
<h2>Tool Versions:</h2>
IDE-Version: ¦ÌVision V5.14.0.0
Copyright (C) 2015 ARM Ltd and ARM Germany GmbH. All rights reserved.
License Information: ryx ryx, ryx, LIC=X96DY-ITL45-BSNYX-H75GT-7KGD6-HFBQ0
 
Tool Versions:
Toolchain:       MDK-ARM Standard  Version: 5.14.0.0
Toolchain Path:  C:\Appications\Keil_v5\ARM\ARMCC\Bin
C Compiler:      Armcc.exe V5.05 update 1 (build 106)
Assembler:       Armasm.exe V5.05 update 1 (build 106)
Linker/Locator:  ArmLink.exe V5.05 update 1 (build 106)
Library Manager: ArmAr.exe V5.05 update 1 (build 106)
Hex Converter:   FromElf.exe V5.05 update 1 (build 106)
CPU DLL:         SARMCM3.DLL V5.14.0.0
Dialog DLL:      DCM.DLL V1.13.1.0
Target DLL:      STLink\ST-LINKIII-KEIL_SWO.dll V2.0.14.0_KEIL
Dialog DLL:      TCM.DLL V1.14.4.0
 
<h2>Project:</h2>
F:\KeilProjects\Template_STM32F103RCT6_PA08PWM\USER\Template.uvprojx
Project File Date:  11/08/2018

<h2>Output:</h2>
Build target 'Template'
compiling main.c...
main.c(161): warning:  #186-D: pointless comparison of unsigned integer with zero
                if(bit<0) {
main.c(203): warning:  #177-D: variable "times" was declared but never referenced
        u16 times=0; 
main.c(204): warning:  #177-D: variable "nowLen" was declared but never referenced
        u8 nowLen=0 , i=0 ;
main.c: 3 warnings, 0 errors
linking...
Program Size: Code=5064 RO-data=336 RW-data=120 ZI-data=2000  
FromELF: creating hex file...
"..\OBJ\Template.axf" - 0 Error(s), 3 Warning(s).

<h2>Collection of Component include folders:</h2>
  F:\KeilProjects\Template_STM32F103RCT6_PA08PWM\USER\RTE
  C:\Appications\Keil_v5\ARM\PACK\Keil\STM32F1xx_DFP\2.2.0

<h2>Collection of Component Files used:</h2>
</pre>
</body>
</html>
